// Jest Snapshot v1, https://goo.gl/fbAQLP

exports[`PopupModal renders correctly 1`] = `
<Modal
  hardwareAccelerated={false}
  onRequestClose={[MockFunction]}
  transparent={true}
  visible={false}
/>
`;
